<x><b></b><x/><b>sdfsdf</b><x/><x/><x/></x>
<x/>
<x><i>sfas</i></x><x/>